Using pre-set license
Built from '2021.3/staging' branch; Version is '2021.3.3f1 (af2e63e8f9bd) revision 11480675'; Using compiler version '192829333'; Build Type 'Release'
OS: 'Windows 11  (10.0.26200) 64bit Core' Language: 'en' Physical Memory: 15676 MB
BatchMode: 1, IsHumanControllingUs: 0, StartBugReporterOnCrash: 0, Is64bit: 1, IsPro: 1

COMMAND LINE ARGUMENTS:
C:\Program Files\Unity\Hub\Editor\2021.3.3f1\Editor\Unity.exe
-adb2
-batchMode
-noUpm
-name
AssetImportWorker0
-projectPath
C:/Users/galac/Downloads/AngryBirdsRemakeUnity
-logFile
Logs/AssetImportWorker0.log
-srvPort
61931
Successfully changed project path to: C:/Users/galac/Downloads/AngryBirdsRemakeUnity
C:/Users/galac/Downloads/AngryBirdsRemakeUnity
[UnityMemory] Configuration Parameters - Can be set up in boot.config
    "memorysetup-bucket-allocator-granularity=16"
    "memorysetup-bucket-allocator-bucket-count=8"
    "memorysetup-bucket-allocator-block-size=33554432"
    "memorysetup-bucket-allocator-block-count=8"
    "memorysetup-main-allocator-block-size=16777216"
    "memorysetup-thread-allocator-block-size=16777216"
    "memorysetup-gfx-main-allocator-block-size=16777216"
    "memorysetup-gfx-thread-allocator-block-size=16777216"
    "memorysetup-cache-allocator-block-size=4194304"
    "memorysetup-typetree-allocator-block-size=2097152"
    "memorysetup-profiler-bucket-allocator-granularity=16"
    "memorysetup-profiler-bucket-allocator-bucket-count=8"
    "memorysetup-profiler-bucket-allocator-block-size=33554432"
    "memorysetup-profiler-bucket-allocator-block-count=8"
    "memorysetup-profiler-allocator-block-size=16777216"
    "memorysetup-profiler-editor-allocator-block-size=1048576"
    "memorysetup-temp-allocator-size-main=16777216"
    "memorysetup-job-temp-allocator-block-size=2097152"
    "memorysetup-job-temp-allocator-block-size-background=1048576"
    "memorysetup-job-temp-allocator-reduction-small-platforms=262144"
    "memorysetup-temp-allocator-size-background-worker=32768"
    "memorysetup-temp-allocator-size-job-worker=262144"
    "memorysetup-temp-allocator-size-preload-manager=33554432"
    "memorysetup-temp-allocator-size-nav-mesh-worker=65536"
    "memorysetup-temp-allocator-size-audio-worker=65536"
    "memorysetup-temp-allocator-size-cloud-worker=32768"
    "memorysetup-temp-allocator-size-gi-baking-worker=262144"
    "memorysetup-temp-allocator-size-gfx=262144"
Refreshing native plugins compatible for Editor in 78.76 ms, found 4 plugins.
Preloading 0 native plugins for Editor in 0.00 ms.
Initialize engine version: 2021.3.3f1 (af2e63e8f9bd)
[Subsystems] Discovering subsystems at path C:/Program Files/Unity/Hub/Editor/2021.3.3f1/Editor/Data/Resources/UnitySubsystems
[Subsystems] Discovering subsystems at path C:/Users/galac/Downloads/AngryBirdsRemakeUnity/Assets
GfxDevice: creating device client; threaded=0; jobified=0
Direct3D:
    Version:  Direct3D 11.0 [level 11.1]
    Renderer: NVIDIA GeForce RTX 4070 Laptop GPU (ID=0x2860)
    Vendor:   NVIDIA
    VRAM:     7948 MB
    Driver:   32.0.15.8180
Initialize mono
Mono path[0] = 'C:/Program Files/Unity/Hub/Editor/2021.3.3f1/Editor/Data/Managed'
Mono path[1] = 'C:/Program Files/Unity/Hub/Editor/2021.3.3f1/Editor/Data/MonoBleedingEdge/lib/mono/unityjit-win32'
Mono config path = 'C:/Program Files/Unity/Hub/Editor/2021.3.3f1/Editor/Data/MonoBleedingEdge/etc'
Using monoOptions --debugger-agent=transport=dt_socket,embedding=1,server=y,suspend=n,address=127.0.0.1:56808
Begin MonoManager ReloadAssembly
Registering precompiled unity dll's ...
Register platform support module: C:/Program Files/Unity/Hub/Editor/2021.3.3f1/Editor/Data/PlaybackEngines/WindowsStandaloneSupport/UnityEditor.WindowsStandalone.Extensions.dll
Registered in 0.002786 seconds.
Native extension for WindowsStandalone target not found
Refreshing native plugins compatible for Editor in 89.86 ms, found 4 plugins.
Preloading 0 native plugins for Editor in 0.00 ms.
Mono: successfully reloaded assembly
- Completed reload, in  0.488 seconds
Domain Reload Profiling:
	ReloadAssembly (488ms)
		BeginReloadAssembly (53ms)
			ExecutionOrderSort (0ms)
			DisableScriptedObjects (0ms)
			BackupInstance (0ms)
			ReleaseScriptingObjects (0ms)
			CreateAndSetChildDomain (1ms)
		EndReloadAssembly (341ms)
			LoadAssemblies (52ms)
			RebuildTransferFunctionScriptingTraits (0ms)
			SetupTypeCache (69ms)
			ReleaseScriptCaches (0ms)
			RebuildScriptCaches (19ms)
			SetupLoadedEditorAssemblies (216ms)
				LogAssemblyErrors (0ms)
				InitializePlatformSupportModulesInManaged (6ms)
				SetLoadedEditorAssemblies (0ms)
				RefreshPlugins (90ms)
				BeforeProcessingInitializeOnLoad (1ms)
				ProcessInitializeOnLoadAttributes (86ms)
				ProcessInitializeOnLoadMethodAttributes (32ms)
				AfterProcessingInitializeOnLoad (0ms)
				EditorAssembliesLoaded (0ms)
			ExecutionOrderSort2 (0ms)
			AwakeInstancesAfterBackupRestoration (0ms)
Platform modules already initialized, skipping
Registering precompiled user dll's ...
Registered in 0.006618 seconds.
Begin MonoManager ReloadAssembly
Symbol file LoadedFromMemory doesn't match image C:\Users\galac\Downloads\AngryBirdsRemakeUnity\Library\PackageCache\com.unity.visualscripting@1.7.6\Editor\VisualScripting.Core\Dependencies\DotNetZip\Unity.VisualScripting.IonicZip.dll
Symbol file LoadedFromMemory doesn't match image C:\Users\galac\Downloads\AngryBirdsRemakeUnity\Library\PackageCache\com.unity.visualscripting@1.7.6\Editor\VisualScripting.Core\Dependencies\YamlDotNet\Unity.VisualScripting.YamlDotNet.dll
Native extension for WindowsStandalone target not found
Refreshing native plugins compatible for Editor in 81.73 ms, found 4 plugins.
Preloading 0 native plugins for Editor in 0.00 ms.
Package Manager log level set to [2]
Mono: successfully reloaded assembly
- Completed reload, in  0.913 seconds
Domain Reload Profiling:
	ReloadAssembly (913ms)
		BeginReloadAssembly (89ms)
			ExecutionOrderSort (0ms)
			DisableScriptedObjects (6ms)
			BackupInstance (0ms)
			ReleaseScriptingObjects (0ms)
			CreateAndSetChildDomain (23ms)
		EndReloadAssembly (763ms)
			LoadAssemblies (65ms)
			RebuildTransferFunctionScriptingTraits (0ms)
			SetupTypeCache (173ms)
			ReleaseScriptCaches (1ms)
			RebuildScriptCaches (42ms)
			SetupLoadedEditorAssemblies (442ms)
				LogAssemblyErrors (0ms)
				InitializePlatformSupportModulesInManaged (8ms)
				SetLoadedEditorAssemblies (0ms)
				RefreshPlugins (82ms)
				BeforeProcessingInitializeOnLoad (83ms)
				ProcessInitializeOnLoadAttributes (169ms)
				ProcessInitializeOnLoadMethodAttributes (94ms)
				AfterProcessingInitializeOnLoad (6ms)
				EditorAssembliesLoaded (0ms)
			ExecutionOrderSort2 (0ms)
			AwakeInstancesAfterBackupRestoration (4ms)
Platform modules already initialized, skipping
========================================================================
Worker process is ready to serve import requests
Launched and connected shader compiler UnityShaderCompiler.exe after 0.04 seconds
Refreshing native plugins compatible for Editor in 0.92 ms, found 4 plugins.
Preloading 0 native plugins for Editor in 0.00 ms.
Unloading 4781 Unused Serialized files (Serialized files now loaded: 0)
Unloading 75 unused Assets / (56.8 KB). Loaded Objects now: 5210.
Memory consumption went from 175.0 MB to 175.0 MB.
Total: 5.094800 ms (FindLiveObjects: 0.333800 ms CreateObjectMapping: 0.168000 ms MarkObjects: 4.498700 ms  DeleteObjects: 0.093400 ms)

AssetImportParameters requested are different than current active one (requested -> active):
  custom:video-decoder-ogg-theora: a1e56fd34408186e4bbccfd4996cb3dc -> 
  custom:container-muxer-webm: aa71ff27fc2769a1b78a27578f13a17b -> 
  custom:container-demuxer-webm: 4f35f7cbe854078d1ac9338744f61a02 -> 
  custom:video-encoder-webm-vp8: eb34c28f22e8b96e1ab97ce403110664 -> 
  custom:audio-encoder-webm-vorbis: bf7c407c2cedff20999df2af8eb42d56 -> 
  custom:framework-win-MediaFoundation: 216162199b28c13a410421893ffa2e32 -> 
  custom:container-demuxer-ogg: 62fdf1f143b41e24485cea50d1cbac27 -> 
  custom:video-decoder-webm-vp8: 9c59270c3fd7afecdb556c50c9e8de78 -> 
  custom:audio-decoder-ogg-vorbis: bf7c407c2cedff20999df2af8eb42d56 -> 
========================================================================
Received Import Request.
  Time since last request: 10018.127238 seconds.
  path: Assets/Bench Universal Save System/Settings.asset
  artifactKey: Guid(7d6159f412e7996439f5d7aa90063770) Importer(815301076,1909f56bfc062723c751e8b465ee728b)
Start importing Assets/Bench Universal Save System/Settings.asset using Guid(7d6159f412e7996439f5d7aa90063770) Importer(815301076,1909f56bfc062723c751e8b465ee728b)  -> (artifact id: '1526b3613a0a9e79192841a7be8120cf') in 0.052937 seconds 
========================================================================
Received Import Request.
  Time since last request: 35.064988 seconds.
  path: Assets/Bench Universal Save System/Art
  artifactKey: Guid(7cd1499b98b253e4bb4df8182b71097d) Importer(815301076,1909f56bfc062723c751e8b465ee728b)
Start importing Assets/Bench Universal Save System/Art using Guid(7cd1499b98b253e4bb4df8182b71097d) Importer(815301076,1909f56bfc062723c751e8b465ee728b)  -> (artifact id: '7a48d224b0d85a3351eda4bb12d324b7') in 0.017960 seconds 
========================================================================
Received Import Request.
  Time since last request: 0.021257 seconds.
  path: Assets/Bench Universal Save System/Art/SaveIcon.png
  artifactKey: Guid(a2dabe1e5f21f344eb1bbf62c150ac54) Importer(815301076,1909f56bfc062723c751e8b465ee728b)
Start importing Assets/Bench Universal Save System/Art/SaveIcon.png using Guid(a2dabe1e5f21f344eb1bbf62c150ac54) Importer(815301076,1909f56bfc062723c751e8b465ee728b)  -> (artifact id: 'd8fa0ed7573ea97175e9e3f067541794') in 0.114187 seconds 
========================================================================
Received Import Request.
  Time since last request: 3.260510 seconds.
  path: Assets/Bench Universal Save System/Prefabs/Save Indicators
  artifactKey: Guid(13544759c492f934a83788592fa99b21) Importer(815301076,1909f56bfc062723c751e8b465ee728b)
Start importing Assets/Bench Universal Save System/Prefabs/Save Indicators using Guid(13544759c492f934a83788592fa99b21) Importer(815301076,1909f56bfc062723c751e8b465ee728b)  -> (artifact id: '39827f484b3bdbebe67ed6761eae3a20') in 0.012655 seconds 
========================================================================
Received Import Request.
  Time since last request: 0.123881 seconds.
  path: Assets/Bench Universal Save System/Prefabs/Save Indicators/Default Indicator.prefab
  artifactKey: Guid(eff96fc39a4e78445a52826f4d5575c4) Importer(815301076,1909f56bfc062723c751e8b465ee728b)
Start importing Assets/Bench Universal Save System/Prefabs/Save Indicators/Default Indicator.prefab using Guid(eff96fc39a4e78445a52826f4d5575c4) Importer(815301076,1909f56bfc062723c751e8b465ee728b)  -> (artifact id: '14c0bd751683cab156487f2b8225bd81') in 0.021271 seconds 
========================================================================
Received Import Request.
  Time since last request: 1.379531 seconds.
  path: Assets/Bench Universal Save System/Prefabs/Save Slots UI/Native Save UI Canvas.prefab
  artifactKey: Guid(2029c44e5a534f945a415fafd79b1339) Importer(815301076,1909f56bfc062723c751e8b465ee728b)
Start importing Assets/Bench Universal Save System/Prefabs/Save Slots UI/Native Save UI Canvas.prefab using Guid(2029c44e5a534f945a415fafd79b1339) Importer(815301076,1909f56bfc062723c751e8b465ee728b)  -> (artifact id: 'd969eaca497cea6fa0cd9038401f7a1f') in 0.028067 seconds 
========================================================================
Received Import Request.
  Time since last request: 1.933803 seconds.
  path: Assets/Bench Universal Save System/Bench Universal Save System - User Guide.pdf
  artifactKey: Guid(030bab815a4a7ff4cb9733c7cf4ee29c) Importer(815301076,1909f56bfc062723c751e8b465ee728b)
Start importing Assets/Bench Universal Save System/Bench Universal Save System - User Guide.pdf using Guid(030bab815a4a7ff4cb9733c7cf4ee29c) Importer(815301076,1909f56bfc062723c751e8b465ee728b)  -> (artifact id: '0c9b6eaaca8a586e2ca765cc8a49716f') in 0.014497 seconds 
========================================================================
Received Import Request.
  Time since last request: 1797.617593 seconds.
  path: Assets/Sounds/8d82b5_Angry_Birds_Bird_Fly_Sound_Effect.mp3
  artifactKey: Guid(70d97764b86def84ebd7aacdcd61f916) Importer(815301076,1909f56bfc062723c751e8b465ee728b)
Start importing Assets/Sounds/8d82b5_Angry_Birds_Bird_Fly_Sound_Effect.mp3 using Guid(70d97764b86def84ebd7aacdcd61f916) Importer(815301076,1909f56bfc062723c751e8b465ee728b)  -> (artifact id: '2f2dc053471c4c541d2d3791d58772e7') in 0.056155 seconds 
========================================================================
Received Import Request.
  Time since last request: 0.000025 seconds.
  path: Assets/Sounds/bird shot-a3.wav
  artifactKey: Guid(a12dc60fff08459438bfb0015b6832f2) Importer(815301076,1909f56bfc062723c751e8b465ee728b)
Start importing Assets/Sounds/bird shot-a3.wav using Guid(a12dc60fff08459438bfb0015b6832f2) Importer(815301076,1909f56bfc062723c751e8b465ee728b)  -> (artifact id: '529f200a29a2bfc3ef2ee3cf22415bef') in 0.026669 seconds 
========================================================================
Received Import Request.
  Time since last request: 0.000038 seconds.
  path: Assets/Sounds/tnt box explodes.mp3
  artifactKey: Guid(5ad8993378e7c004ba1dda0cf2b6d98c) Importer(815301076,1909f56bfc062723c751e8b465ee728b)
Start importing Assets/Sounds/tnt box explodes.mp3 using Guid(5ad8993378e7c004ba1dda0cf2b6d98c) Importer(815301076,1909f56bfc062723c751e8b465ee728b)  -> (artifact id: 'c6bb4d377f7477c703a8a8dfa862f9bd') in 0.020235 seconds 
========================================================================
Received Import Request.
  Time since last request: 0.000108 seconds.
  path: Assets/Sounds/slingshot streched.wav
  artifactKey: Guid(9021516bbb316094da76e1acfaf95b7c) Importer(815301076,1909f56bfc062723c751e8b465ee728b)
Start importing Assets/Sounds/slingshot streched.wav using Guid(9021516bbb316094da76e1acfaf95b7c) Importer(815301076,1909f56bfc062723c751e8b465ee728b)  -> (artifact id: '482b2b1a01e5232117e4867213c11ae2') in 0.022684 seconds 
========================================================================
Received Import Request.
  Time since last request: 0.000026 seconds.
  path: Assets/Sounds/bird shot-a2.wav
  artifactKey: Guid(bec7f84ba09b1164bbb15cd2d02768a6) Importer(815301076,1909f56bfc062723c751e8b465ee728b)
Start importing Assets/Sounds/bird shot-a2.wav using Guid(bec7f84ba09b1164bbb15cd2d02768a6) Importer(815301076,1909f56bfc062723c751e8b465ee728b)  -> (artifact id: '8d4cdd4ad21f75706550846207a6f7b0') in 0.022559 seconds 
========================================================================
Received Import Request.
  Time since last request: 0.264774 seconds.
  path: Assets/Sprites/c1.png
  artifactKey: Guid(f017ec5a51de180468ee72a1790feba9) Importer(815301076,1909f56bfc062723c751e8b465ee728b)
Start importing Assets/Sprites/c1.png using Guid(f017ec5a51de180468ee72a1790feba9) Importer(815301076,1909f56bfc062723c751e8b465ee728b)  -> (artifact id: 'ef0609bb14b3cc178019317f7d2354b8') in 0.016542 seconds 
========================================================================
Received Import Request.
  Time since last request: 0.000031 seconds.
  path: Assets/Sprites/c4.png
  artifactKey: Guid(a6709ddfbd0661540a894b33dcbf3b6d) Importer(815301076,1909f56bfc062723c751e8b465ee728b)
Start importing Assets/Sprites/c4.png using Guid(a6709ddfbd0661540a894b33dcbf3b6d) Importer(815301076,1909f56bfc062723c751e8b465ee728b)  -> (artifact id: '8b97d0510eabdc9f83068ba3df608a87') in 0.023306 seconds 
========================================================================
Received Prepare
Registering precompiled user dll's ...
Registered in 0.007884 seconds.
Begin MonoManager ReloadAssembly
Symbol file LoadedFromMemory doesn't match image C:\Users\galac\Downloads\AngryBirdsRemakeUnity\Library\PackageCache\com.unity.visualscripting@1.7.6\Editor\VisualScripting.Core\Dependencies\DotNetZip\Unity.VisualScripting.IonicZip.dll
Symbol file LoadedFromMemory doesn't match image C:\Users\galac\Downloads\AngryBirdsRemakeUnity\Library\PackageCache\com.unity.visualscripting@1.7.6\Editor\VisualScripting.Core\Dependencies\YamlDotNet\Unity.VisualScripting.YamlDotNet.dll
Native extension for WindowsStandalone target not found
Refreshing native plugins compatible for Editor in 1.06 ms, found 4 plugins.
Preloading 0 native plugins for Editor in 0.00 ms.
Mono: successfully reloaded assembly
- Completed reload, in  0.901 seconds
Domain Reload Profiling:
	ReloadAssembly (902ms)
		BeginReloadAssembly (164ms)
			ExecutionOrderSort (0ms)
			DisableScriptedObjects (5ms)
			BackupInstance (0ms)
			ReleaseScriptingObjects (0ms)
			CreateAndSetChildDomain (58ms)
		EndReloadAssembly (658ms)
			LoadAssemblies (112ms)
			RebuildTransferFunctionScriptingTraits (0ms)
			SetupTypeCache (188ms)
			ReleaseScriptCaches (2ms)
			RebuildScriptCaches (36ms)
			SetupLoadedEditorAssemblies (319ms)
				LogAssemblyErrors (0ms)
				InitializePlatformSupportModulesInManaged (9ms)
				SetLoadedEditorAssemblies (0ms)
				RefreshPlugins (1ms)
				BeforeProcessingInitializeOnLoad (62ms)
				ProcessInitializeOnLoadAttributes (150ms)
				ProcessInitializeOnLoadMethodAttributes (91ms)
				AfterProcessingInitializeOnLoad (4ms)
				EditorAssembliesLoaded (0ms)
			ExecutionOrderSort2 (0ms)
			AwakeInstancesAfterBackupRestoration (6ms)
Platform modules already initialized, skipping
Refreshing native plugins compatible for Editor in 4.58 ms, found 4 plugins.
Preloading 0 native plugins for Editor in 0.00 ms.
Unloading 4758 Unused Serialized files (Serialized files now loaded: 0)
Unloading 65 unused Assets / (28.2 KB). Loaded Objects now: 5226.
Memory consumption went from 177.3 MB to 177.2 MB.
Total: 5.165200 ms (FindLiveObjects: 0.370300 ms CreateObjectMapping: 0.135600 ms MarkObjects: 4.596800 ms  DeleteObjects: 0.061300 ms)

AssetImportParameters requested are different than current active one (requested -> active):
  custom:video-decoder-ogg-theora: a1e56fd34408186e4bbccfd4996cb3dc -> 
  custom:container-muxer-webm: aa71ff27fc2769a1b78a27578f13a17b -> 
  custom:container-demuxer-webm: 4f35f7cbe854078d1ac9338744f61a02 -> 
  custom:video-encoder-webm-vp8: eb34c28f22e8b96e1ab97ce403110664 -> 
  custom:audio-encoder-webm-vorbis: bf7c407c2cedff20999df2af8eb42d56 -> 
  custom:framework-win-MediaFoundation: 216162199b28c13a410421893ffa2e32 -> 
  custom:container-demuxer-ogg: 62fdf1f143b41e24485cea50d1cbac27 -> 
  custom:video-decoder-webm-vp8: 9c59270c3fd7afecdb556c50c9e8de78 -> 
  custom:audio-decoder-ogg-vorbis: bf7c407c2cedff20999df2af8eb42d56 -> 
Editor requested this worker to shutdown with reason: Scaling down because of idle timeout
AssetImportWorker is now disconnected from the server
Process exiting
Exiting without the bug reporter. Application will terminate with return code 0